// Jest Snapshot v1, https://goo.gl/fbAQLP

exports[`Loader testing renders with right snapshot 1`] = `
<div
  className="loader"
>
  <div
    className="cube c1"
  />
  <div
    className="cube c2"
  />
  <div
    className="cube c4"
  />
  <div
    className="cube c3"
  />
</div>
`;
